src/background/services/AutoWaiting.ts(139,11): error TS6133: '__failureReason' is declared but its value is never read.
src/background/services/AutoWaiting.ts(148,9): error TS2552: Cannot find name '_failureReason'. Did you mean '__failureReason'?
src/background/services/AutoWaiting.ts(153,9): error TS2552: Cannot find name '_failureReason'. Did you mean '__failureReason'?
src/background/services/AutoWaiting.ts(158,9): error TS2552: Cannot find name '_failureReason'. Did you mean '__failureReason'?
src/background/services/AutoWaiting.ts(163,9): error TS2552: Cannot find name '_failureReason'. Did you mean '__failureReason'?
src/background/services/CDPService.ts(89,11): error TS6133: '__commandIdCounter' is declared but its value is never read.
src/background/services/PlaybackController.ts(72,11): error TS2564: Property '__actionExecutor' has no initializer and is not definitely assigned in the constructor.
src/background/services/PlaybackController.ts(72,11): error TS6133: '__actionExecutor' is declared but its value is never read.
src/background/services/PlaybackController.ts(73,11): error TS2564: Property '__telemetry' has no initializer and is not definitely assigned in the constructor.
src/background/services/PlaybackController.ts(73,11): error TS6133: '__telemetry' is declared but its value is never read.
src/background/services/PlaybackController.ts(90,10): error TS2551: Property '_actionExecutor' does not exist on type 'PlaybackController'. Did you mean '__actionExecutor'?
src/background/services/PlaybackController.ts(91,10): error TS2551: Property '_telemetry' does not exist on type 'PlaybackController'. Did you mean '__telemetry'?
src/background/services/strategies/CDPStrategy.ts(75,11): error TS2564: Property '_cdpService' has no initializer and is not definitely assigned in the constructor.
src/background/services/strategies/CDPStrategy.ts(75,11): error TS6133: '_cdpService' is declared but its value is never read.
src/background/services/strategies/CDPStrategy.ts(76,11): error TS2564: Property '_accessibilityService' has no initializer and is not definitely assigned in the constructor.
src/background/services/strategies/CDPStrategy.ts(76,11): error TS6133: '_accessibilityService' is declared but its value is never read.
src/background/services/strategies/CDPStrategy.ts(88,10): error TS2551: Property 'cdpService' does not exist on type 'CDPStrategy'. Did you mean '_cdpService'?
src/background/services/strategies/CDPStrategy.ts(89,10): error TS2551: Property 'accessibilityService' does not exist on type 'CDPStrategy'. Did you mean '_accessibilityService'?
src/contentScript/layers/DOMCapture.ts(156,13): error TS7022: 'parent' implicitly has type 'any' because it does not have a type annotation and is referenced directly or indirectly in its own initializer.
src/contentScript/layers/DOMCapture.ts(158,66): error TS18046: 'c' is of type 'unknown'.
src/contentScript/layers/DOMCapture.ts(197,13): error TS7022: 'parent' implicitly has type 'any' because it does not have a type annotation and is referenced directly or indirectly in its own initializer.
src/contentScript/layers/DOMCapture.ts(199,66): error TS18046: 'c' is of type 'unknown'.
src/contentScript/RecordingOrchestrator.ts(114,11): error TS6133: '__domCapture' is declared but its value is never read.
src/contentScript/RecordingOrchestrator.ts(118,11): error TS6133: '__evidenceBuffer' is declared but its value is never read.
src/contentScript/RecordingOrchestrator.ts(191,10): error TS2551: Property '_domCapture' does not exist on type 'RecordingOrchestrator'. Did you mean '__domCapture'?
src/contentScript/RecordingOrchestrator.ts(213,10): error TS2551: Property '_evidenceBuffer' does not exist on type 'RecordingOrchestrator'. Did you mean '__evidenceBuffer'?
src/contentScript/RecordingOrchestrator.ts(220,10): error TS2551: Property '_domCapture' does not exist on type 'RecordingOrchestrator'. Did you mean '__domCapture'?
src/contentScript/RecordingOrchestrator.ts(224,10): error TS2551: Property '_evidenceBuffer' does not exist on type 'RecordingOrchestrator'. Did you mean '__evidenceBuffer'?
src/contentScript/RecordingOrchestrator.ts(499,13): error TS7022: 'parent' implicitly has type 'any' because it does not have a type annotation and is referenced directly or indirectly in its own initializer.
src/contentScript/RecordingOrchestrator.ts(501,66): error TS18046: 'c' is of type 'unknown'.
src/contentScript/RecordingOrchestrator.ts(524,13): error TS7022: 'parent' implicitly has type 'any' because it does not have a type annotation and is referenced directly or indirectly in its own initializer.
src/contentScript/RecordingOrchestrator.ts(526,66): error TS18046: 'c' is of type 'unknown'.
src/contentScript/visionHandlers.ts(555,61): error TS2345: Argument of type 'string | undefined' is not assignable to parameter of type '{ ctrlKey?: boolean | undefined; shiftKey?: boolean | undefined; altKey?: boolean | undefined; metaKey?: boolean | undefined; } | undefined'.
  Type 'string' has no properties in common with type '{ ctrlKey?: boolean | undefined; shiftKey?: boolean | undefined; altKey?: boolean | undefined; metaKey?: boolean | undefined; }'.
src/contentScript/visionHandlers.ts(561,45): error TS2345: Argument of type 'string | undefined' is not assignable to parameter of type '"top" | "right" | "bottom" | "left" | "up" | "down"'.
  Type 'undefined' is not assignable to type '"top" | "right" | "bottom" | "left" | "up" | "down"'.
src/contentScript/visionHandlers.ts(567,49): error TS2345: Argument of type 'number | undefined' is not assignable to parameter of type 'number'.
  Type 'undefined' is not assignable to type 'number'.
src/lib/defaults.ts(196,5): error TS2353: Object literal may only specify known properties, and 'projectId' does not exist in type 'Project'.
src/lib/defaults.ts(286,5): error TS2353: Object literal may only specify known properties, and 'projectId' does not exist in type 'Project'.
src/lib/defaults.ts(286,42): error TS2339: Property 'projectId' does not exist on type 'Project'.
src/lib/schemaMigration.ts(89,3): error TS2741: Property 'steps' is missing in type '{ id: number | undefined; name: string; description: string | undefined; target_url: string | undefined; recorded_steps: MigratedStep[]; parsed_fields: MigratedRecording["parsed_fields"]; ... 8 more ...; conditionalDefaults: { ...; }; }' but required in type 'MigratedRecording'.
src/lib/stepExecutor.ts(320,40): error TS2345: Argument of type 'string' is not assignable to parameter of type 'number'.
src/lib/stepExecutor.ts(383,5): error TS2739: Type '{ buttonsClicked: number; timedOut: true; duration: number; clickedTexts: never[]; }' is missing the following properties from type 'ConditionalClickResult': success, attempts, totalWaitMs, clickTargets
src/lib/stepExecutor.ts(404,5): error TS2345: Argument of type '{ searchTerms: string[]; enabled: boolean; timeoutSeconds: number; pollIntervalMs: number; interactionType: "click" | "input" | "dropdown"; dropdownOption?: string; inputValue?: string; successText?: string; }' is not assignable to parameter of type 'number'.
src/lib/validation/recordingValidation.ts(48,17): error TS2339: Property 'projectId' does not exist on type 'Partial<Project>'.
src/lib/validation/recordingValidation.ts(259,15): error TS2339: Property 'projectId' does not exist on type 'Partial<Project>'.
src/lib/validation/stepValidation.ts(284,7): error TS2367: This comparison appears to be unintentional because the types '"input" | "click" | "dropdown"' and '"type"' have no overlap.
src/lib/visionEngine.ts(170,11): error TS2739: Type '{ success: true; attempts: number; totalWaitMs: number; buttonsClicked: number; clickTargets: ClickTarget[]; }' is missing the following properties from type 'ConditionalClickResult': clickedTexts, duration, timedOut
src/lib/visionEngine.ts(175,5): error TS2739: Type '{ success: boolean; attempts: number; totalWaitMs: number; buttonsClicked: number; clickTargets: ClickTarget[]; }' is missing the following properties from type 'ConditionalClickResult': clickedTexts, duration, timedOut
src/pages/Recorder.tsx(809,11): error TS2322: Type '{ isRecording: boolean; onToggleRecording: () => void; onAddStep: () => void; onExportSteps: () => void; onExportHeader: () => void; steps: Step[]; loopStartIndex: number; onLoopStartChange: (index: number) => void; ... 4 more ...; onAddConditionalClick: () => void; }' is not assignable to type 'IntrinsicAttributes & RecorderToolbarProps'.
  Property 'steps' does not exist on type 'IntrinsicAttributes & RecorderToolbarProps'.
src/pages/Recorder.tsx(858,19): error TS2322: Type 'Step[]' is not assignable to type 'RecordedStep[]'.
  Property 'recordedVia' is missing in type 'Step' but required in type 'RecordedStep'.
src/pages/Recorder_OLD.tsx(434,10): error TS2739: Type '{ isRecording: boolean; onToggleRecording: () => void; onAddStep: () => void; onExportSteps: () => void; onExportHeader: () => void; }' is missing the following properties from type 'RecorderToolbarProps': recording, onUpdateRecording
src/pages/Recorder_OLD.tsx(480,19): error TS2322: Type 'Step[]' is not assignable to type 'RecordedStep[]'.
  Property 'recordedVia' is missing in type 'Step' but required in type 'RecordedStep'.
src/types/__contracts__.ts(19,3): error TS6196: 'StrategyEvaluationResult' is declared but never used.
src/types/__contracts__.ts(20,3): error TS6196: 'CapturedAction' is declared but never used.
src/types/__contracts__.ts(27,6): error TS6196: '_VerifyStrategyType' is declared but never used.
src/types/__contracts__.ts(39,6): error TS6196: '_VerifyLocatorStrategy' is declared but never used.
src/types/__contracts__.ts(48,6): error TS6196: '_VerifyFallbackChain' is declared but never used.
src/types/__contracts__.ts(55,7): error TS6133: '_weights' is declared but its value is never read.
src/types/__contracts__.ts(56,7): error TS6133: '_verifyWeight' is declared but its value is never read.
src/types/__contracts__.ts(65,3): error TS6196: 'BoxModel' is declared but never used.
src/types/__contracts__.ts(66,3): error TS6196: 'CDPConnection' is declared but never used.
src/types/__contracts__.ts(67,3): error TS6196: 'CDPCommandResult' is declared but never used.
src/types/__contracts__.ts(71,6): error TS6196: '_VerifyCDPNode' is declared but never used.
src/types/__contracts__.ts(77,6): error TS6196: '_VerifyAXNode' is declared but never used.
src/types/__contracts__.ts(87,3): error TS6196: 'BufferConfig' is declared but never used.
src/types/__contracts__.ts(97,6): error TS6196: '_VerifySessionState' is declared but never used.
src/types/__contracts__.ts(109,6): error TS6196: '_VerifyStateAlias' is declared but never used.
src/types/__contracts__.ts(110,6): error TS6196: '_VerifyStatusAlias' is declared but never used.
